
=== Portronics Toad 23 Wireless Optical Mouse with 2.4 ===
  [amazon_in] Rs.299.0
  [myntra] Rs.349.0

=== ZEBRONICS Zeb ===
  [amazon_in] Rs.299.0

=== Logitech M186 Wireless Mouse ===
  [amazon_in] Rs.498.0

=== ZEBRONICS Jaguar ===
  [amazon_in] Rs.299.0

=== Dell WM118 Wireless Mouse ===
  [amazon_in] Rs.559.0

=== ZEBRONICS Blanc Slim Wireless Mouse with Rechargea ===
  [amazon_in] Rs.429.0

=== Portronics Toad One Bluetooth Mouse with 2.4 GHz & ===
  [amazon_in] Rs.599.0
  [amazon_in] Rs.599.0
  [myntra] Rs.629.0
  [myntra] Rs.649.0

=== Wireless Mouse ===
  [meesho] Rs.988.05
  [tata_cliq] Rs.603.61
  [flipkart] Rs.562.09
  [jiomart] Rs.545.21
  [blinkit] Rs.604.25
  [bigbasket] Rs.613.58
  [swiggy_instamart] Rs.647.4
  [zepto] Rs.666.18

=== Portronics Toad 34 Wireless Mouse With 2.4 GHz Wir ===
  [myntra] Rs.299.0
  [myntra] Rs.319.0

=== Arctic Fox Pureview Transparent Wireless & Bluetoo ===
  [myntra] Rs.618.0
  [myntra] Rs.599.0

